Microchip MPLAB XC8 Compiler V2.40

Linker command line:

-W-3 \
  --edf=C:\Program Files\Microchip\xc8\v2.40\pic\dat\20220703182018_en.msgs \
  -cn -h+dist/default/production\SLAVE3.X.production.sym \
  --cmf=dist/default/production\SLAVE3.X.production.cmf -z -Q16F887 \
  -oC:\Users\Pablo\AppData\Local\Temp\xcAses0.4 --defsym=__MPLAB_BUILD=1 \
  --fixupoverflow=error -Mdist/default/production/SLAVE3.X.production.map \
  --md=C:\Users\Pablo\AppData\Local\Temp\xcAses0.dat -E1 -ver=XC8 Compiler \
  --acfsm=1493 -ACODE=00h-07FFhx4 -ASTRCODE=00h-01FFFh -ASTRING=00h-0FFhx32 \
  -ACONST=00h-0FFhx32 -AENTRY=00h-0FFhx32 -ACOMMON=070h-07Fh \
  -ABANK0=020h-06Fh -ABANK1=0A0h-0EFh -ABANK2=0110h-016Fh \
  -ABANK3=0190h-01EFh -ARAM=020h-06Fh,0A0h-0EFh,0110h-016Fh,0190h-01EFh \
  -AABS1=020h-07Fh,0A0h-0EFh,0110h-016Fh,0190h-01EFh -ASFR0=00h-01Fh \
  -ASFR1=080h-09Fh -ASFR2=0100h-010Fh -ASFR3=0180h-018Fh \
  -ACONFIG=02007h-02008h -DCONFIG=2 -AIDLOC=02000h-02003h -DIDLOC=2 \
  -AEEDATA=00h-0FFh/02100h -peeprom_data=EEDATA -DEEDATA=2 -DCODE=2 \
  -DSTRCODE=2 -DSTRING=2 -DCONST=2 -DENTRY=2 \
  -preset_vec=00h,intentry=04h,init,end_init -ppowerup=CODE -pcinit=CODE \
  -pfunctab=ENTRY -k C:\Users\Pablo\AppData\Local\Temp\xcAses0.o \
  dist/default/production\SLAVE3.X.production.o 

Object code version is 3.11

Machine type is 16F887



                Name                               Link     Load   Length Selector   Space Scale
C:\Users\Pablo\AppData\Local\Temp\xcAses0.o
                end_init                              C        C        3        8       0
                reset_vec                             0        0        3        0       0
                config                             2007     2007        2        0       4
                idloc                              2000     2000        4        0       5
dist/default/production\SLAVE3.X.production.o
                cinit                                 F        F       10        8       0
                intentry                              4        4        8        8       0
                config                             2007     2007        2        0       4
                idloc                              2000     2000        4        0       5
                text17                              DF9      DF9       8F     1BF2       0
                text16                              C18      C18       39     1830       0
                text15                              C51      C51       53     18A2       0
                text14                              528      528      1D3        8       0
                text13                              BBC      BBC       29     1778       0
                text12                               1F       1F      509        8       0
                text11                              D6B      D6B       8E     1AD6       0
                text10                              E88      E88       BA     1D10       0
                text9                               D03      D03       68     1A06       0
                text8                               BE5      BE5       33     17CA       0
                text7                               F42      F42       BE     1E84       0
                text6                               7BA      7BA       39        8       0
                text5                               BA2      BA2       1A     1744       0
                text4                               B7C      B7C       11     16F8       0
                text3                               CA4      CA4       5F     1948       0
                text2                               B8D      B8D       15     171A       0
                text1                               B6D      B6D        F     16DA       0
                maintext                            6FB      6FB       BF        8       0
                cstackBANK0                          20       20       4E       20       1
                cstackCOMMON                         70       70        9       70       1
                cstackBANK1                          A0       A0       19       A0       1
                bssBANK1                             B9       B9        6       A0       1
                bssBANK0                             6E       6E        1       20       1
                bssCOMMON                            79       79        1       70       1
                strings                             7F3      7F3        A      FE6       0

TOTAL           Name                               Link     Load   Length     Space
        CLASS   CODE           
                end_init                              C        C        3         0
                cinit                                 F        F       10         0
                intentry                              4        4        8         0
                reset_vec                             0        0        3         0
                text17                              DF9      DF9       8F         0
                text16                              C18      C18       39         0
                text15                              C51      C51       53         0
                text14                              528      528      1D3         0
                text13                              BBC      BBC       29         0
                text12                               1F       1F      509         0
                text11                              D6B      D6B       8E         0
                text10                              E88      E88       BA         0
                text9                               D03      D03       68         0
                text8                               BE5      BE5       33         0
                text7                               F42      F42       BE         0
                text6                               7BA      7BA       39         0
                text5                               BA2      BA2       1A         0
                text4                               B7C      B7C       11         0
                text3                               CA4      CA4       5F         0
                text2                               B8D      B8D       15         0
                text1                               B6D      B6D        F         0
                maintext                            6FB      6FB       BF         0

        CLASS   STRCODE        

        CLASS   STRING         
                strings                             7F3      7F3        A         0

        CLASS   CONST          

        CLASS   ENTRY          

        CLASS   COMMON         
                cstackCOMMON                         70       70        9         1
                bssCOMMON                            79       79        1         1

        CLASS   BANK0          
                cstackBANK0                          20       20       4E         1
                bssBANK0                             6E       6E        1         1

        CLASS   BANK1          
                cstackBANK1                          A0       A0       19         1
                bssBANK1                             B9       B9        6         1

        CLASS   BANK2          

        CLASS   BANK3          

        CLASS   RAM            

        CLASS   ABS1           
                abs_s1                               7E       7E        2         1

        CLASS   SFR0           

        CLASS   SFR1           

        CLASS   SFR2           

        CLASS   SFR3           

        CLASS   CONFIG         
                config                             2007     2007        2         4

        CLASS   IDLOC          
                idloc                              2000     2000        4         5

        CLASS   EEDATA         

        CLASS   STACK          



SEGMENTS        Name                           Load    Length   Top    Selector   Space  Class     Delta

                reset_vec                      000000  000003  000003         0       0  CODE        2
                intentry                       000004  0007EF  0007F3         8       0  CODE        2
                cstackBANK0                    000020  00004F  00006F        20       1  BANK0       1
                cstackCOMMON                   000070  00000A  00007A        70       1  COMMON      1
                cstackBANK1                    0000A0  00001F  0000BF        A0       1  BANK1       1
                strings                        0007F3  00000A  0007FD       FE6       0  STRING      2
                text1                          000B6D  00000F  000B7C      16DA       0  CODE        2
                text4                          000B7C  000011  000B8D      16F8       0  CODE        2
                text2                          000B8D  000015  000BA2      171A       0  CODE        2
                text5                          000BA2  00001A  000BBC      1744       0  CODE        2
                text13                         000BBC  000029  000BE5      1778       0  CODE        2
                text8                          000BE5  000033  000C18      17CA       0  CODE        2
                text16                         000C18  000039  000C51      1830       0  CODE        2
                text15                         000C51  000053  000CA4      18A2       0  CODE        2
                text3                          000CA4  00005F  000D03      1948       0  CODE        2
                text9                          000D03  000068  000D6B      1A06       0  CODE        2
                text11                         000D6B  00008E  000DF9      1AD6       0  CODE        2
                text17                         000DF9  00008F  000E88      1BF2       0  CODE        2
                text10                         000E88  0000BA  000F42      1D10       0  CODE        2
                text7                          000F42  0000BE  001000      1E84       0  CODE        2


UNUSED ADDRESS RANGES

        Name                Unused          Largest block    Delta
        BANK0            006F-006F              1           1
        BANK1            00BF-00EF             31           1
        BANK2            0110-016F             60           1
        BANK3            0190-01EF             60           1
        CODE             0003-0003              1           2
                         07FD-0B6C              3
                         1000-1FFF            800
        COMMON           007A-007D              4           1
        CONST            0003-0003              1           2
                         07FD-0B6C            100
                         1000-1FFF            100
        EEDATA           2100-21FF            100           2
        ENTRY            0003-0003              1           2
                         07FD-0B6C            100
                         1000-1FFF            100
        RAM              006F-006F              1           1
                         00BF-00EF             31
                         0110-016F             60
                         0190-01EF             60
        SFR0             0000-001F             20           1
        SFR1             0080-009F             20           1
        SFR2             0100-010F             10           1
        SFR3             0180-018F             10           1
        STRCODE          0003-0003              1           2
                         07FD-0B6C            370
                         1000-1FFF           1000
        STRING           0003-0003              1           2
                         07FD-0B6C            100
                         1000-1FFF            100

                                  Symbol Table

?_ADC_read                  cstackCOMMON 0074
?__Umul8_16                 cstackCOMMON 0074
?___fldiv                   cstackBANK0  003F
?___flmul                   cstackBANK0  0059
?___fltol                   cstackBANK0  0066
?___lldiv                   cstackBANK0  0020
?___xxtofl                  cstackBANK0  0031
?_pwmMaxDuty                cstackBANK0  002D
ADC_config@channel          cstackCOMMON 0074
ADC_read@channel            cstackCOMMON 0074
I2C_Slave_Init@address      cstackCOMMON 0074
_ADC                        bssBANK1     00BE
_ADCON0bits                 (abs)        001F
_ADCON1bits                 (abs)        009F
_ADC_config                 text16       0C18
_ADC_read                   text15       0C51
_ADIF                       (abs)        0066
_ADRESH                     (abs)        001E
_ANSEL                      (abs)        0188
_ANSELH                     (abs)        0189
_ANSELbits                  (abs)        0188
_CCP1CON                    (abs)        0017
_CCPR1L                     (abs)        0015
_GIE                        (abs)        005F
_I2C_Slave_Init             text5        0BA2
_INTCONbits                 (abs)        000B
_OPTION_REGbits             (abs)        0081
_OSCCONbits                 (abs)        008F
_PEIE                       (abs)        005E
_PIR1bits                   (abs)        000C
_PORTAbits                  (abs)        0005
_PORTDbits                  (abs)        0008
_PR2                        (abs)        0092
_SERVO                      bssBANK1     00BD
_SSPADD                     (abs)        0093
_SSPBUF                     (abs)        0013
_SSPCON                     (abs)        0014
_SSPCON2                    (abs)        0091
_SSPCON2bits                (abs)        0091
_SSPCONbits                 (abs)        0014
_SSPIE                      (abs)        0463
_SSPIF                      (abs)        0063
_SSPSTAT                    (abs)        0094
_SSPSTATbits                (abs)        0094
_T2CONbits                  (abs)        0012
_TMR0                       (abs)        0001
_TMR2IF                     (abs)        0061
_TMR2ON                     (abs)        0092
_TRISAbits                  (abs)        0085
_TRISC3                     (abs)        043B
_TRISC4                     (abs)        043C
_TRISCbits                  (abs)        0087
_TRISDbits                  (abs)        0088
__Habs1                     abs1         0000
__Hbank0                    bank0        0000
__Hbank1                    bank1        0000
__Hbank2                    bank2        0000
__Hbank3                    bank3        0000
__HbssBANK0                 bssBANK0     0000
__HbssBANK1                 bssBANK1     0000
__HbssCOMMON                bssCOMMON    0000
__Hcinit                    cinit        001F
__Hclrtext                  clrtext      0000
__Hcode                     code         0000
__Hcommon                   common       0000
__Hconfig                   config       2009
__HcstackBANK0              cstackBANK0  0000
__HcstackBANK1              cstackBANK1  0000
__HcstackCOMMON             cstackCOMMON 0000
__Heeprom_data              eeprom_data  0000
__Hend_init                 end_init     000F
__Hfunctab                  functab      0000
__Hidloc                    idloc        2004
__Hinit                     init         000C
__Hintentry                 intentry     000C
__Hmaintext                 maintext     0000
__Hpowerup                  powerup      0000
__Hram                      ram          0000
__Hreset_vec                reset_vec    0003
__Hsfr0                     sfr0         0000
__Hsfr1                     sfr1         0000
__Hsfr2                     sfr2         0000
__Hsfr3                     sfr3         0000
__Hspace_0                  (abs)        1000
__Hspace_1                  (abs)        00BF
__Hspace_2                  (abs)        0000
__Hspace_3                  (abs)        0000
__Hspace_4                  (abs)        4010
__Hstack                    stack        0000
__Hstrings                  strings      0000
__Htext                     text         0000
__Labs1                     abs1         0000
__Lbank0                    bank0        0000
__Lbank1                    bank1        0000
__Lbank2                    bank2        0000
__Lbank3                    bank3        0000
__LbssBANK0                 bssBANK0     0000
__LbssBANK1                 bssBANK1     0000
__LbssCOMMON                bssCOMMON    0000
__Lcinit                    cinit        000F
__Lclrtext                  clrtext      0000
__Lcode                     code         0000
__Lcommon                   common       0000
__Lconfig                   config       0000
__LcstackBANK0              cstackBANK0  0000
__LcstackBANK1              cstackBANK1  0000
__LcstackCOMMON             cstackCOMMON 0000
__Leeprom_data              eeprom_data  0000
__Lend_init                 end_init     000C
__Lfunctab                  functab      0000
__Lidloc                    idloc        0000
__Linit                     init         000C
__Lintentry                 intentry     0004
__Lmaintext                 maintext     0000
__Lpowerup                  powerup      0000
__Lram                      ram          0000
__Lreset_vec                reset_vec    0000
__Lsfr0                     sfr0         0000
__Lsfr1                     sfr1         0000
__Lsfr2                     sfr2         0000
__Lsfr3                     sfr3         0000
__Lspace_0                  (abs)        0000
__Lspace_1                  (abs)        0000
__Lspace_2                  (abs)        0000
__Lspace_3                  (abs)        0000
__Lspace_4                  (abs)        0000
__Lstack                    stack        0000
__Lstrings                  strings      0000
__Ltext                     text         0000
__S0                        (abs)        1000
__S1                        (abs)        00BF
__S3                        (abs)        0000
__Umul8_16                  text13       0BBC
__Umul8_16@multiplicand     cstackCOMMON 0074
__Umul8_16@multiplier       cstackBANK0  0024
__Umul8_16@product          cstackBANK0  0020
__Umul8_16@word_mpld        cstackBANK0  0022
___fldiv                    text14       0528
___fldiv@a                  cstackBANK0  003F
___fldiv@aexp               cstackBANK0  0058
___fldiv@b                  cstackBANK0  0043
___fldiv@bexp               cstackBANK0  0057
___fldiv@grs                cstackBANK0  0053
___fldiv@new_exp            cstackBANK0  0051
___fldiv@rem                cstackBANK0  004C
___fldiv@sign               cstackBANK0  0050
___flmul                    text12       001F
___flmul@a                  cstackBANK0  005D
___flmul@aexp               cstackBANK1  00A5
___flmul@b                  cstackBANK0  0059
___flmul@bexp               cstackBANK1  00A6
___flmul@grs                cstackBANK1  00A1
___flmul@prod               cstackBANK1  00A7
___flmul@sign               cstackBANK1  00A0
___flmul@temp               cstackBANK1  00AB
___fltol                    text11       0D6B
___fltol@exp1               cstackBANK1  00AE
___fltol@f1                 cstackBANK0  0066
___fltol@sign1              cstackBANK1  00AD
___int_sp                   stack        0000
___latbits                  (abs)        0002
___lldiv                    text9        0D03
___lldiv@counter            cstackBANK0  002C
___lldiv@dividend           cstackBANK0  0024
___lldiv@divisor            cstackBANK0  0020
___lldiv@quotient           cstackBANK0  0028
___sp                       stack        0000
___stackhi                  (abs)        0000
___stacklo                  (abs)        0000
___xxtofl                   text10       0E88
___xxtofl@arg               cstackBANK0  003B
___xxtofl@exp               cstackBANK0  003A
___xxtofl@sign              cstackBANK0  0039
___xxtofl@val               cstackBANK0  0031
__end_of_ADC_config         text16       0C51
__end_of_ADC_read           text15       0CA4
__end_of_I2C_Slave_Init     text5        0BBC
__end_of__Umul8_16          text13       0BE5
__end_of___fldiv            text14       06FB
__end_of___flmul            text12       0528
__end_of___fltol            text11       0DF9
__end_of___lldiv            text9        0D6B
__end_of___xxtofl           text10       0F42
__end_of__initialization    cinit        001B
__end_of__stringtab         strings      07F9
__end_of_applyPWMDutyCycle  text7        1000
__end_of_initPwm            text6        07F3
__end_of_isr                text17       0E88
__end_of_main               maintext     07BA
__end_of_portsetup          text4        0B8D
__end_of_pwmFreq            strings      07FD
__end_of_pwmMaxDuty         text8        0C18
__end_of_setupINTOSC        text3        0D03
__end_of_setupPWM           text2        0BA2
__end_of_setupTMR0          text1        0B7C
__initialization            cinit        000F
__pbssBANK0                 bssBANK0     006E
__pbssBANK1                 bssBANK1     00B9
__pbssCOMMON                bssCOMMON    0079
__pcstackBANK0              cstackBANK0  0020
__pcstackBANK1              cstackBANK1  00A0
__pcstackCOMMON             cstackCOMMON 0070
__pintentry                 intentry     0004
__pmaintext                 maintext     06FB
__pstrings                  strings      07F3
__ptext1                    text1        0B6D
__ptext10                   text10       0E88
__ptext11                   text11       0D6B
__ptext12                   text12       001F
__ptext13                   text13       0BBC
__ptext14                   text14       0528
__ptext15                   text15       0C51
__ptext16                   text16       0C18
__ptext17                   text17       0DF9
__ptext2                    text2        0B8D
__ptext3                    text3        0CA4
__ptext4                    text4        0B7C
__ptext5                    text5        0BA2
__ptext6                    text6        07BA
__ptext7                    text7        0F42
__ptext8                    text8        0BE5
__ptext9                    text9        0D03
__stringbase                strings      07F8
__stringtab                 strings      07F3
_applyPWMDutyCycle          text7        0F42
_dato                       bssBANK0     006E
_dutyCycleApply             bssBANK1     00B9
_dutycycle                  bssBANK1     00BB
_initPwm                    text6        07BA
_isr                        text17       0DF9
_main                       maintext     06FB
_portsetup                  text4        0B7C
_pwmMaxDuty                 text8        0BE5
_setupINTOSC                text3        0CA4
_setupPWM                   text2        0B8D
_setupTMR0                  text1        0B6D
_z                          bssCOMMON    0079
applyPWMDutyCycle@dutyCycle cstackBANK1  00AF
applyPWMDutyCycle@freq      cstackBANK1  00B1
btemp                       (abs)        007E
end_of_initialization       cinit        001B
initPwm@freq                cstackBANK0  002D
interrupt_function          intentry     0004
intlevel0                   functab      0000
intlevel1                   functab      0000
intlevel2                   functab      0000
intlevel3                   functab      0000
intlevel4                   functab      0000
intlevel5                   functab      0000
pwmMaxDuty@freq             cstackBANK0  002D
reset_vec                   reset_vec    0000
saved_w                     (abs)        007E
setupINTOSC@IRCF            cstackCOMMON 0074
start                       init         000C
start_initialization        cinit        000F
wtemp0                      (abs)        007E


MODULE INFORMATION

Module		Function		Class		Link	Load	Size
C:\Program Files\Microchip\xc8\v2.40\pic\sources\c90\common\fltol.c
		___fltol       		CODE           	0D6B	0000	142

C:\Program Files\Microchip\xc8\v2.40\pic\sources\c90\common\fltol.c estimated size: 142

setupADC.c
		_ADC_config    		CODE           	0C18	0000	57
		_ADC_read      		CODE           	0C51	0000	83

setupADC.c estimated size: 140

C:\Program Files\Microchip\xc8\v2.40\pic\sources\c90\common\sprcmul.c
		___flmul       		CODE           	001F	0000	1289

C:\Program Files\Microchip\xc8\v2.40\pic\sources\c90\common\sprcmul.c estimated size: 1289

I2C.c
		_I2C_Slave_Init		CODE           	0BA2	0000	26

I2C.c estimated size: 26

C:\Program Files\Microchip\xc8\v2.40\pic\sources\c90\common\__lldiv.c
		___lldiv       		CODE           	0D03	0000	104

C:\Program Files\Microchip\xc8\v2.40\pic\sources\c90\common\__lldiv.c estimated size: 104

C:\Program Files\Microchip\xc8\v2.40\pic\sources\c90\common\sprcdiv.c
		___fldiv       		CODE           	0528	0000	467

C:\Program Files\Microchip\xc8\v2.40\pic\sources\c90\common\sprcdiv.c estimated size: 467

C:\Program Files\Microchip\xc8\v2.40\pic\sources\c90\common\Umul8_16.c
		__Umul8_16     		CODE           	0BBC	0000	41

C:\Program Files\Microchip\xc8\v2.40\pic\sources\c90\common\Umul8_16.c estimated size: 41

oscilador.c
		_setupINTOSC   		CODE           	0CA4	0000	95

oscilador.c estimated size: 95

PWM.c
		_applyPWMDutyCycle		CODE           	0F42	0000	190
		_setupPWM      		CODE           	0B8D	0000	21
		_initPwm       		CODE           	07BA	0000	57
		_pwmMaxDuty    		CODE           	0BE5	0000	51

PWM.c estimated size: 319

shared
		__stringtab    		STRING         	07F3	0000	6
		__initialization		CODE           	000F	0000	12
		_pwmFreq       		STRING         	0000	0000	0

shared estimated size: 18

main.c
		_main          		CODE           	06FB	0000	191
		_isr           		CODE           	0DF9	0000	143
		_setupTMR0     		CODE           	0B6D	0000	15
		_portsetup     		CODE           	0B7C	0000	17

main.c estimated size: 366

C:\Program Files\Microchip\xc8\v2.40\pic\sources\c90\common\xxtofl.c
		___xxtofl      		CODE           	0E88	0000	186

C:\Program Files\Microchip\xc8\v2.40\pic\sources\c90\common\xxtofl.c estimated size: 186

