Microchip MPLAB XC8 Compiler V2.40

Linker command line:

-W-3 \
  --edf=C:\Program Files\Microchip\xc8\v2.40\pic\dat\20220703182018_en.msgs \
  -cn -h+dist/default/production\SLAVE2.X.production.sym \
  --cmf=dist/default/production\SLAVE2.X.production.cmf -z -Q16F887 \
  -oC:\Users\Pablo\AppData\Local\Temp\xcAsog0.4 --defsym=__MPLAB_BUILD=1 \
  --fixupoverflow=error -Mdist/default/production/SLAVE2.X.production.map \
  --md=C:\Users\Pablo\AppData\Local\Temp\xcAsog0.dat -E1 -ver=XC8 Compiler \
  --acfsm=1493 -ACODE=00h-07FFhx4 -ASTRCODE=00h-01FFFh -ASTRING=00h-0FFhx32 \
  -ACONST=00h-0FFhx32 -AENTRY=00h-0FFhx32 -ACOMMON=070h-07Fh \
  -ABANK0=020h-06Fh -ABANK1=0A0h-0EFh -ABANK2=0110h-016Fh \
  -ABANK3=0190h-01EFh -ARAM=020h-06Fh,0A0h-0EFh,0110h-016Fh,0190h-01EFh \
  -AABS1=020h-07Fh,0A0h-0EFh,0110h-016Fh,0190h-01EFh -ASFR0=00h-01Fh \
  -ASFR1=080h-09Fh -ASFR2=0100h-010Fh -ASFR3=0180h-018Fh \
  -ACONFIG=02007h-02008h -DCONFIG=2 -AIDLOC=02000h-02003h -DIDLOC=2 \
  -AEEDATA=00h-0FFh/02100h -peeprom_data=EEDATA -DEEDATA=2 -DCODE=2 \
  -DSTRCODE=2 -DSTRING=2 -DCONST=2 -DENTRY=2 \
  -preset_vec=00h,intentry=04h,init,end_init -ppowerup=CODE -pcinit=CODE \
  -pfunctab=ENTRY -k C:\Users\Pablo\AppData\Local\Temp\xcAsog0.o \
  dist/default/production\SLAVE2.X.production.o 

Object code version is 3.11

Machine type is 16F887



                Name                               Link     Load   Length Selector   Space Scale
C:\Users\Pablo\AppData\Local\Temp\xcAsog0.o
                end_init                             12       12        3        8       0
                reset_vec                             0        0        3        0       0
                config                             2007     2007        2        0       4
                idloc                              2000     2000        4        0       5
dist/default/production\SLAVE2.X.production.o
                cinit                                15       15        D        8       0
                intentry                              4        4        E        8       0
                config                             2007     2007        2        0       4
                idloc                              2000     2000        4        0       5
                text10                              1BF      1BF       44        8       0
                text9                               282      282        F        8       0
                text8                               24E      24E       1B        8       0
                text7                                DB       DB       7C        8       0
                text6                                22       22       B9        8       0
                text5                               232      232       1C        8       0
                text4                               269      269       19        8       0
                text3                               157      157       68        8       0
                text2                               291      291        E        8       0
                text1                               29F      29F        C        8       0
                maintext                            203      203       2F        8       0
                cstackBANK0                          20       20       1D       20       1
                cstackCOMMON                         70       70        A       70       1
                bssBANK0                             3D       3D        3       20       1
                bssCOMMON                            7A       7A        4       70       1

TOTAL           Name                               Link     Load   Length     Space
        CLASS   CODE           
                end_init                             12       12        3         0
                cinit                                15       15        D         0
                intentry                              4        4        E         0
                reset_vec                             0        0        3         0
                text10                              1BF      1BF       44         0
                text9                               282      282        F         0
                text8                               24E      24E       1B         0
                text7                                DB       DB       7C         0
                text6                                22       22       B9         0
                text5                               232      232       1C         0
                text4                               269      269       19         0
                text3                               157      157       68         0
                text2                               291      291        E         0
                text1                               29F      29F        C         0
                maintext                            203      203       2F         0

        CLASS   STRCODE        

        CLASS   STRING         

        CLASS   CONST          

        CLASS   ENTRY          

        CLASS   COMMON         
                cstackCOMMON                         70       70        A         1
                bssCOMMON                            7A       7A        4         1

        CLASS   BANK0          
                cstackBANK0                          20       20       1D         1
                bssBANK0                             3D       3D        3         1

        CLASS   BANK1          

        CLASS   BANK2          

        CLASS   BANK3          

        CLASS   RAM            

        CLASS   ABS1           
                abs_s1                               7E       7E        2         1

        CLASS   SFR0           

        CLASS   SFR1           

        CLASS   SFR2           

        CLASS   SFR3           

        CLASS   CONFIG         
                config                             2007     2007        2         4

        CLASS   IDLOC          
                idloc                              2000     2000        4         5

        CLASS   EEDATA         

        CLASS   STACK          



SEGMENTS        Name                           Load    Length   Top    Selector   Space  Class     Delta

                reset_vec                      000000  000003  000003         0       0  CODE        2
                intentry                       000004  0002A7  0002AB         8       0  CODE        2
                cstackBANK0                    000020  000020  000040        20       1  BANK0       1
                cstackCOMMON                   000070  00000E  00007E        70       1  COMMON      1


UNUSED ADDRESS RANGES

        Name                Unused          Largest block    Delta
        BANK0            0040-006F             30           1
        BANK1            00A0-00EF             50           1
        BANK2            0110-016F             60           1
        BANK3            0190-01EF             60           1
        CODE             0003-0003              1           2
                         02AB-1FFF            800
        CONST            0003-0003              1           2
                         02AB-1FFF            100
        EEDATA           2100-21FF            100           2
        ENTRY            0003-0003              1           2
                         02AB-1FFF            100
        RAM              0040-006F             30           1
                         00A0-00EF             50
                         0110-016F             60
                         0190-01EF             60
        SFR0             0000-001F             20           1
        SFR1             0080-009F             20           1
        SFR2             0100-010F             10           1
        SFR3             0180-018F             10           1
        STRCODE          0003-0003              1           2
                         02AB-1FFF           1D55
        STRING           0003-0003              1           2
                         02AB-1FFF            100

                                  Symbol Table

?_DHT11_Read_Byte        cstackCOMMON 0070
?_DHT11_Read_Data        cstackCOMMON 0078
DHT11_Read_Byte@data     cstackCOMMON 0076
DHT11_Read_Byte@i        cstackCOMMON 0074
DHT11_Read_Data@info     cstackBANK0  0029
DHT11_Read_Data@temint   cstackBANK0  0028
DHT11_Read_Data@temp     cstackBANK0  0026
DHT11_Read_Data@tempdec  cstackCOMMON 0078
I2C_Slave_Init@address   cstackBANK0  0039
_ADCON0bits              (abs)        001F
_ADCON1bits              (abs)        009F
_ADIF                    (abs)        0066
_ADRESH                  (abs)        001E
_ANSEL                   (abs)        0188
_ANSELH                  (abs)        0189
_ANSELbits               (abs)        0188
_BF                      (abs)        04A0
_CCP1CON                 (abs)        0017
_CCPR1L                  (abs)        0015
_DHT11_Read_Byte         text10       01BF
_DHT11_Read_Data         text7        00DB
_DHT11_Response          text9        0282
_DHT11_Start             text8        024E
_GIE                     (abs)        005F
_I2C_Slave_Init          text5        0232
_INTCONbits              (abs)        000B
_IOCB                    (abs)        0096
_OPTION_REGbits          (abs)        0081
_OSCCONbits              (abs)        008F
_PEIE                    (abs)        005E
_PIR1bits                (abs)        000C
_PORTA                   (abs)        0005
_PORTAbits               (abs)        0005
_PORTBbits               (abs)        0006
_PORTDbits               (abs)        0008
_PR2                     (abs)        0092
_RBIF                    (abs)        0058
_SERVO                   bssCOMMON    007A
_SSPADD                  (abs)        0093
_SSPBUF                  (abs)        0013
_SSPCON                  (abs)        0014
_SSPCON2                 (abs)        0091
_SSPCON2bits             (abs)        0091
_SSPCONbits              (abs)        0014
_SSPIE                   (abs)        0463
_SSPIF                   (abs)        0063
_SSPSTAT                 (abs)        0094
_SSPSTATbits             (abs)        0094
_T2CONbits               (abs)        0012
_TMR0                    (abs)        0001
_TMR2IF                  (abs)        0061
_TMR2ON                  (abs)        0092
_TRISA                   (abs)        0085
_TRISAbits               (abs)        0085
_TRISB                   (abs)        0086
_TRISC3                  (abs)        043B
_TRISC4                  (abs)        043C
_TRISCbits               (abs)        0087
_TRISDbits               (abs)        0088
_WPUB                    (abs)        0095
__Habs1                  abs1         0000
__Hbank0                 bank0        0000
__Hbank1                 bank1        0000
__Hbank2                 bank2        0000
__Hbank3                 bank3        0000
__HbssBANK0              bssBANK0     0000
__HbssCOMMON             bssCOMMON    0000
__Hcinit                 cinit        0022
__Hclrtext               clrtext      0000
__Hcode                  code         0000
__Hcommon                common       0000
__Hconfig                config       2009
__HcstackBANK0           cstackBANK0  0000
__HcstackCOMMON          cstackCOMMON 0000
__Heeprom_data           eeprom_data  0000
__Hend_init              end_init     0015
__Hfunctab               functab      0000
__Hidloc                 idloc        2004
__Hinit                  init         0012
__Hintentry              intentry     0012
__Hmaintext              maintext     0000
__Hpowerup               powerup      0000
__Hram                   ram          0000
__Hreset_vec             reset_vec    0003
__Hsfr0                  sfr0         0000
__Hsfr1                  sfr1         0000
__Hsfr2                  sfr2         0000
__Hsfr3                  sfr3         0000
__Hspace_0               (abs)        02AB
__Hspace_1               (abs)        007E
__Hspace_2               (abs)        0000
__Hspace_3               (abs)        0000
__Hspace_4               (abs)        4010
__Hstack                 stack        0000
__Hstrings               strings      0000
__Htext                  text         0000
__Labs1                  abs1         0000
__Lbank0                 bank0        0000
__Lbank1                 bank1        0000
__Lbank2                 bank2        0000
__Lbank3                 bank3        0000
__LbssBANK0              bssBANK0     0000
__LbssCOMMON             bssCOMMON    0000
__Lcinit                 cinit        0015
__Lclrtext               clrtext      0000
__Lcode                  code         0000
__Lcommon                common       0000
__Lconfig                config       0000
__LcstackBANK0           cstackBANK0  0000
__LcstackCOMMON          cstackCOMMON 0000
__Leeprom_data           eeprom_data  0000
__Lend_init              end_init     0012
__Lfunctab               functab      0000
__Lidloc                 idloc        0000
__Linit                  init         0012
__Lintentry              intentry     0004
__Lmaintext              maintext     0000
__Lpowerup               powerup      0000
__Lram                   ram          0000
__Lreset_vec             reset_vec    0000
__Lsfr0                  sfr0         0000
__Lsfr1                  sfr1         0000
__Lsfr2                  sfr2         0000
__Lsfr3                  sfr3         0000
__Lspace_0               (abs)        0000
__Lspace_1               (abs)        0000
__Lspace_2               (abs)        0000
__Lspace_3               (abs)        0000
__Lspace_4               (abs)        0000
__Lstack                 stack        0000
__Lstrings               strings      0000
__Ltext                  text         0000
__S0                     (abs)        02AB
__S1                     (abs)        007E
__S3                     (abs)        0000
___int_sp                stack        0000
___latbits               (abs)        0002
___sp                    stack        0000
___stackhi               (abs)        0000
___stacklo               (abs)        0000
__end_of_DHT11_Read_Byte text10       0203
__end_of_DHT11_Read_Data text7        0157
__end_of_DHT11_Response  text9        0291
__end_of_DHT11_Start     text8        0269
__end_of_I2C_Slave_Init  text5        024E
__end_of__initialization cinit        001E
__end_of_isr             text6        00DB
__end_of_main            maintext     0232
__end_of_portsetup       text4        0282
__end_of_setupINTOSC     text3        01BF
__end_of_setupTMR0       text2        029F
__end_of_setup_portb     text1        02AB
__initialization         cinit        0015
__pbssBANK0              bssBANK0     003D
__pbssCOMMON             bssCOMMON    007A
__pcstackBANK0           cstackBANK0  0020
__pcstackCOMMON          cstackCOMMON 0070
__pintentry              intentry     0004
__pmaintext              maintext     0203
__ptext1                 text1        029F
__ptext10                text10       01BF
__ptext2                 text2        0291
__ptext3                 text3        0157
__ptext4                 text4        0269
__ptext5                 text5        0232
__ptext6                 text6        0022
__ptext7                 text7        00DB
__ptext8                 text8        024E
__ptext9                 text9        0282
_dato                    bssBANK0     003F
_dht_ok                  bssBANK0     003D
_isr                     text6        0022
_main                    maintext     0203
_portsetup               text4        0269
_setupINTOSC             text3        0157
_setupTMR0               text2        0291
_setup_portb             text1        029F
_temperaturad            bssCOMMON    007C
_temperaturai            bssCOMMON    007D
_z                       bssCOMMON    007B
btemp                    (abs)        007E
end_of_initialization    cinit        001E
interrupt_function       intentry     0004
intlevel0                functab      0000
intlevel1                functab      0000
intlevel2                functab      0000
intlevel3                functab      0000
intlevel4                functab      0000
intlevel5                functab      0000
reset_vec                reset_vec    0000
saved_w                  (abs)        007E
setupINTOSC@IRCF         cstackBANK0  0039
start                    init         0012
start_initialization     cinit        0015
wtemp0                   (abs)        007E


MODULE INFORMATION

Module		Function		Class		Link	Load	Size
../SLAVE1.X/oscilador.c
		_setupINTOSC   		CODE           	0157	0000	104

../SLAVE1.X/oscilador.c estimated size: 104

../SLAVE1.X/I2C.c
		_I2C_Slave_Init		CODE           	0232	0000	28

../SLAVE1.X/I2C.c estimated size: 28

shared
		__initialization		CODE           	0015	0000	9

shared estimated size: 9

dht11.c
		_DHT11_Read_Data		CODE           	00DB	0000	124
		_DHT11_Read_Byte		CODE           	01BF	0000	68
		_DHT11_Start   		CODE           	024E	0000	27
		_DHT11_Response		CODE           	0282	0000	15

dht11.c estimated size: 234

main.c
		_main          		CODE           	0203	0000	47
		_setup_portb   		CODE           	029F	0000	12
		_isr           		CODE           	0022	0000	185
		_setupTMR0     		CODE           	0291	0000	14
		_portsetup     		CODE           	0269	0000	25

main.c estimated size: 283

