Microchip MPLAB XC8 Compiler V2.40

Linker command line:

-W-3 \
  --edf=C:\Program Files\Microchip\xc8\v2.40\pic\dat\20220703182018_en.msgs \
  -cn -h+dist/default/production\Proyecto1-Master.X.production.sym \
  --cmf=dist/default/production\Proyecto1-Master.X.production.cmf -z \
  -Q16F887 -oC:\Users\Pablo\AppData\Local\Temp\xcAs5j0.4 \
  --defsym=__MPLAB_BUILD=1 --fixupoverflow=error \
  -Mdist/default/production/Proyecto1-Master.X.production.map \
  --md=C:\Users\Pablo\AppData\Local\Temp\xcAs5j0.dat -E1 -ver=XC8 Compiler \
  --acfsm=1493 -ACODE=00h-07FFhx4 -ASTRCODE=00h-01FFFh -ASTRING=00h-0FFhx32 \
  -ACONST=00h-0FFhx32 -AENTRY=00h-0FFhx32 -ACOMMON=070h-07Fh \
  -ABANK0=020h-06Fh -ABANK1=0A0h-0EFh -ABANK2=0110h-016Fh \
  -ABANK3=0190h-01EFh -ARAM=020h-06Fh,0A0h-0EFh,0110h-016Fh,0190h-01EFh \
  -AABS1=020h-07Fh,0A0h-0EFh,0110h-016Fh,0190h-01EFh -ASFR0=00h-01Fh \
  -ASFR1=080h-09Fh -ASFR2=0100h-010Fh -ASFR3=0180h-018Fh \
  -ACONFIG=02007h-02008h -DCONFIG=2 -AIDLOC=02000h-02003h -DIDLOC=2 \
  -AEEDATA=00h-0FFh/02100h -peeprom_data=EEDATA -DEEDATA=2 -DCODE=2 \
  -DSTRCODE=2 -DSTRING=2 -DCONST=2 -DENTRY=2 \
  -preset_vec=00h,intentry,init,end_init -ppowerup=CODE -pcinit=CODE \
  -pfunctab=ENTRY -k C:\Users\Pablo\AppData\Local\Temp\xcAs5j0.o \
  dist/default/production\Proyecto1-Master.X.production.o 

Object code version is 3.11

Machine type is 16F887



                Name                               Link     Load   Length Selector   Space Scale
C:\Users\Pablo\AppData\Local\Temp\xcAs5j0.o
                end_init                              0        0        3        0       0
                config                             2007     2007        2        0       4
                idloc                              2000     2000        4        0       5
dist/default/production\Proyecto1-Master.X.production.o
                cinit                               7EB      7EB       15      FD6       0
                config                             2007     2007        2        0       4
                idloc                              2000     2000        4        0       5
                text26                              199      199       22      332       0
                text25                              164      164       1A      2C8       0
                text24                              31E      31E       46      63C       0
                text23                              23B      23B       35      476       0
                text22                              5E0      5E0       67      BC0       0
                text21                              400      400       59      800       0
                text20                              515      515       65      A2A       0
                text19                              3B0      3B0       50      760       0
                text18                              364      364       4C      6C8       0
                text17                              135      135        D      26A       0
                text16                              459      459       5D      8B2       0
                text15                              1BB      1BB       25      376       0
                text14                              142      142        D      284       0
                text13                              110      110        9      220       0
                text12                              119      119        9      232       0
                text11                              12B      12B        A      256       0
                text10                              270      270       35      4E0       0
                text9                               20D      20D       2E      41A       0
                text8                               122      122        9      244       0
                text7                               14F      14F       15      29E       0
                text6                               17E      17E       1B      2FC       0
                text5                               2DD      2DD       41      5BA       0
                text4                               57A      57A       66      AF4       0
                text3                               2A5      2A5       38      54A       0
                text2                               1E0      1E0       2D      3C0       0
                text1                               4B6      4B6       5F      96C       0
                maintext                            647      647      1A4      C8E       0
                cstackBANK0                          2F       2F        B       20       1
                cstackCOMMON                         70       70        E       70       1
                bssBANK0                             20       20        F       20       1
                strings                               3        3        C        6       0

TOTAL           Name                               Link     Load   Length     Space
        CLASS   CODE           
                end_init                              0        0        3         0
                cinit                               7EB      7EB       15         0
                text26                              199      199       22         0
                text25                              164      164       1A         0
                text24                              31E      31E       46         0
                text23                              23B      23B       35         0
                text22                              5E0      5E0       67         0
                text21                              400      400       59         0
                text20                              515      515       65         0
                text19                              3B0      3B0       50         0
                text18                              364      364       4C         0
                text17                              135      135        D         0
                text16                              459      459       5D         0
                text15                              1BB      1BB       25         0
                text14                              142      142        D         0
                text13                              110      110        9         0
                text12                              119      119        9         0
                text11                              12B      12B        A         0
                text10                              270      270       35         0
                text9                               20D      20D       2E         0
                text8                               122      122        9         0
                text7                               14F      14F       15         0
                text6                               17E      17E       1B         0
                text5                               2DD      2DD       41         0
                text4                               57A      57A       66         0
                text3                               2A5      2A5       38         0
                text2                               1E0      1E0       2D         0
                text1                               4B6      4B6       5F         0
                maintext                            647      647      1A4         0

        CLASS   STRCODE        

        CLASS   STRING         
                strings                               3        3        C         0

        CLASS   CONST          

        CLASS   ENTRY          

        CLASS   COMMON         
                cstackCOMMON                         70       70        E         1

        CLASS   BANK0          
                cstackBANK0                          2F       2F        B         1
                bssBANK0                             20       20        F         1

        CLASS   BANK1          

        CLASS   BANK2          

        CLASS   BANK3          

        CLASS   RAM            

        CLASS   ABS1           
                abs_s1                               7E       7E        2         1

        CLASS   SFR0           

        CLASS   SFR1           

        CLASS   SFR2           

        CLASS   SFR3           

        CLASS   CONFIG         
                config                             2007     2007        2         4

        CLASS   IDLOC          
                idloc                              2000     2000        4         5

        CLASS   EEDATA         

        CLASS   STACK          



SEGMENTS        Name                           Load    Length   Top    Selector   Space  Class     Delta

                reset_vec                      000000  000003  000003         0       0  CODE        2
                strings                        000003  00000C  00000F         6       0  STRING      2
                bssBANK0                       000020  00001A  00003A        20       1  BANK0       1
                cstackCOMMON                   000070  00000E  00007E        70       1  COMMON      1
                text13                         000110  000009  000119       220       0  CODE        2
                text12                         000119  000009  000122       232       0  CODE        2
                text8                          000122  000009  00012B       244       0  CODE        2
                text11                         00012B  00000A  000135       256       0  CODE        2
                text17                         000135  00000D  000142       26A       0  CODE        2
                text14                         000142  00000D  00014F       284       0  CODE        2
                text7                          00014F  000015  000164       29E       0  CODE        2
                text25                         000164  00001A  00017E       2C8       0  CODE        2
                text6                          00017E  00001B  000199       2FC       0  CODE        2
                text26                         000199  000022  0001BB       332       0  CODE        2
                text15                         0001BB  000025  0001E0       376       0  CODE        2
                text2                          0001E0  00002D  00020D       3C0       0  CODE        2
                text9                          00020D  00002E  00023B       41A       0  CODE        2
                text23                         00023B  000035  000270       476       0  CODE        2
                text10                         000270  000035  0002A5       4E0       0  CODE        2
                text3                          0002A5  000038  0002DD       54A       0  CODE        2
                text5                          0002DD  000041  00031E       5BA       0  CODE        2
                text24                         00031E  000046  000364       63C       0  CODE        2
                text18                         000364  00004C  0003B0       6C8       0  CODE        2
                text19                         0003B0  000050  000400       760       0  CODE        2
                text21                         000400  000059  000459       800       0  CODE        2
                text16                         000459  00005D  0004B6       8B2       0  CODE        2
                text1                          0004B6  00005F  000515       96C       0  CODE        2
                text20                         000515  000065  00057A       A2A       0  CODE        2
                text4                          00057A  000066  0005E0       AF4       0  CODE        2
                text22                         0005E0  000067  000647       BC0       0  CODE        2
                maintext                       000647  0001A4  0007EB       C8E       0  CODE        2
                cinit                          0007EB  000015  000800       FD6       0  CODE        2


UNUSED ADDRESS RANGES

        Name                Unused          Largest block    Delta
        BANK0            003A-006F             36           1
        BANK1            00A0-00EF             50           1
        BANK2            0110-016F             60           1
        BANK3            0190-01EF             60           1
        CODE             000F-010F            101           2
                         0800-1FFF            800
        CONST            000F-010F             F1           2
                         0800-1FFF            100
        EEDATA           2100-21FF            100           2
        ENTRY            000F-010F             F1           2
                         0800-1FFF            100
        RAM              003A-006F             36           1
                         00A0-00EF             50
                         0110-016F             60
                         0190-01EF             60
        SFR0             0000-001F             20           1
        SFR1             0080-009F             20           1
        SFR2             0100-010F             10           1
        SFR3             0180-018F             10           1
        STRCODE          000F-010F            101           2
                         0800-1FFF           1800
        STRING           000F-010F             F1           2
                         0800-1FFF            100

                                  Symbol Table

?_I2C_Master_Read                 cstackCOMMON 0070
?___awdiv                         cstackCOMMON 0070
?___awmod                         cstackCOMMON 0070
?___lldiv                         cstackCOMMON 0070
Escribir_dato@dato                cstackBANK0  0034
Escribir_dato@posx                cstackBANK0  0032
Escribir_dato@posy                cstackBANK0  0033
I2C_Master_Init@c                 cstackBANK0  002F
I2C_Master_Read@a                 cstackCOMMON 0070
I2C_Master_Read@temp              cstackCOMMON 0074
I2C_Master_Write@d                cstackCOMMON 0070
Lcd_Cmd@a                         cstackCOMMON 0073
Lcd_Port@a                        cstackCOMMON 0070
Lcd_Set_Cursor@a                  cstackCOMMON 0076
Lcd_Set_Cursor@b                  cstackCOMMON 0074
Lcd_Set_Cursor@temp               cstackCOMMON 0079
Lcd_Set_Cursor@y                  cstackCOMMON 0078
Lcd_Set_Cursor@z                  cstackCOMMON 0077
Lcd_Write_Char@a                  cstackCOMMON 0074
Lcd_Write_Char@temp               cstackCOMMON 0072
Lcd_Write_Char@y                  cstackCOMMON 0073
Lcd_Write_String@a                cstackCOMMON 0077
Lcd_Write_String@i                cstackCOMMON 0075
_ANSEL                            (abs)        0188
_ANSELH                           (abs)        0189
_Escribir_dato                    text18       0364
_I2C_Master_Init                  text3        02A5
_I2C_Master_Read                  text9        020D
_I2C_Master_RepeatedStart         text8        0122
_I2C_Master_Start                 text13       0110
_I2C_Master_Stop                  text12       0119
_I2C_Master_Wait                  text14       0142
_I2C_Master_Write                 text11       012B
_Lcd_Clear                        text17       0135
_Lcd_Cmd                          text25       0164
_Lcd_Init                         text16       0459
_Lcd_Port                         text26       0199
_Lcd_Set_Cursor                   text24       031E
_Lcd_Write_Char                   text23       023B
_Lcd_Write_String                 text15       01BB
_OPTION_REGbits                   (abs)        0081
_OSCCONbits                       (abs)        008F
_PORTA                            (abs)        0005
_PORTB                            (abs)        0006
_PORTBbits                        (abs)        0006
_PORTD                            (abs)        0008
_PORTDbits                        (abs)        0008
_RD3                              (abs)        0043
_RD4                              (abs)        0044
_RD5                              (abs)        0045
_RD6                              (abs)        0046
_RD7                              (abs)        0047
_SSPADD                           (abs)        0093
_SSPBUF                           (abs)        0013
_SSPCON                           (abs)        0014
_SSPCON2                          (abs)        0091
_SSPCON2bits                      (abs)        0091
_SSPSTAT                          (abs)        0094
_TRISA                            (abs)        0085
_TRISB                            (abs)        0086
_TRISCbits                        (abs)        0087
_TRISD                            (abs)        0088
_WPUB                             (abs)        0095
__Habs1                           abs1         0000
__Hbank0                          bank0        0000
__Hbank1                          bank1        0000
__Hbank2                          bank2        0000
__Hbank3                          bank3        0000
__HbssBANK0                       bssBANK0     0000
__Hcinit                          cinit        0800
__Hclrtext                        clrtext      0000
__Hcode                           code         0000
__Hcommon                         common       0000
__Hconfig                         config       2009
__HcstackBANK0                    cstackBANK0  0000
__HcstackCOMMON                   cstackCOMMON 0000
__Heeprom_data                    eeprom_data  0000
__Hend_init                       end_init     0003
__Hfunctab                        functab      0000
__Hidloc                          idloc        2004
__Hinit                           init         0000
__Hintentry                       intentry     0000
__Hmaintext                       maintext     0000
__Hpowerup                        powerup      0000
__Hram                            ram          0000
__Hreset_vec                      reset_vec    0000
__Hsfr0                           sfr0         0000
__Hsfr1                           sfr1         0000
__Hsfr2                           sfr2         0000
__Hsfr3                           sfr3         0000
__Hspace_0                        (abs)        0800
__Hspace_1                        (abs)        007E
__Hspace_2                        (abs)        0000
__Hspace_3                        (abs)        0000
__Hspace_4                        (abs)        4010
__Hstack                          stack        0000
__Hstrings                        strings      0000
__Htext                           text         0000
__Labs1                           abs1         0000
__Lbank0                          bank0        0000
__Lbank1                          bank1        0000
__Lbank2                          bank2        0000
__Lbank3                          bank3        0000
__LbssBANK0                       bssBANK0     0000
__Lcinit                          cinit        07EB
__Lclrtext                        clrtext      0000
__Lcode                           code         0000
__Lcommon                         common       0000
__Lconfig                         config       0000
__LcstackBANK0                    cstackBANK0  0000
__LcstackCOMMON                   cstackCOMMON 0000
__Leeprom_data                    eeprom_data  0000
__Lend_init                       end_init     0000
__Lfunctab                        functab      0000
__Lidloc                          idloc        0000
__Linit                           init         0000
__Lintentry                       intentry     0000
__Lmaintext                       maintext     0000
__Lpowerup                        powerup      0000
__Lram                            ram          0000
__Lreset_vec                      reset_vec    0000
__Lsfr0                           sfr0         0000
__Lsfr1                           sfr1         0000
__Lsfr2                           sfr2         0000
__Lsfr3                           sfr3         0000
__Lspace_0                        (abs)        0000
__Lspace_1                        (abs)        0000
__Lspace_2                        (abs)        0000
__Lspace_3                        (abs)        0000
__Lspace_4                        (abs)        0000
__Lstack                          stack        0000
__Lstrings                        strings      0000
__Ltext                           text         0000
__S0                              (abs)        0800
__S1                              (abs)        007E
__S3                              (abs)        0000
___awdiv                          text22       05E0
___awdiv@counter                  cstackCOMMON 0075
___awdiv@dividend                 cstackCOMMON 0072
___awdiv@divisor                  cstackCOMMON 0070
___awdiv@quotient                 cstackCOMMON 0077
___awdiv@sign                     cstackCOMMON 0076
___awmod                          text21       0400
___awmod@counter                  cstackCOMMON 0075
___awmod@dividend                 cstackCOMMON 0072
___awmod@divisor                  cstackCOMMON 0070
___awmod@sign                     cstackCOMMON 0076
___bmul                           text7        014F
___bmul@multiplicand              cstackCOMMON 0070
___bmul@multiplier                cstackCOMMON 0073
___bmul@product                   cstackCOMMON 0072
___int_sp                         stack        0000
___latbits                        (abs)        0002
___lldiv                          text4        057A
___lldiv@counter                  cstackCOMMON 007D
___lldiv@dividend                 cstackCOMMON 0074
___lldiv@divisor                  cstackCOMMON 0070
___lldiv@quotient                 cstackCOMMON 0079
___sp                             stack        0000
___stackhi                        (abs)        0000
___stacklo                        (abs)        0000
__end_of_Escribir_dato            text18       03B0
__end_of_I2C_Master_Init          text3        02DD
__end_of_I2C_Master_Read          text9        023B
__end_of_I2C_Master_RepeatedStart text8        012B
__end_of_I2C_Master_Start         text13       0119
__end_of_I2C_Master_Stop          text12       0122
__end_of_I2C_Master_Wait          text14       014F
__end_of_I2C_Master_Write         text11       0135
__end_of_Lcd_Clear                text17       0142
__end_of_Lcd_Cmd                  text25       017E
__end_of_Lcd_Init                 text16       04B6
__end_of_Lcd_Port                 text26       01BB
__end_of_Lcd_Set_Cursor           text24       0364
__end_of_Lcd_Write_Char           text23       0270
__end_of_Lcd_Write_String         text15       01E0
__end_of___awdiv                  text22       0647
__end_of___awmod                  text21       0459
__end_of___bmul                   text7        0164
__end_of___lldiv                  text4        05E0
__end_of__initialization          cinit        07FC
__end_of__stringtab               strings      0009
__end_of_convertir                text6        0199
__end_of_descomponer              text20       057A
__end_of_enviar_x                 text10       02A5
__end_of_inttochar                text19       0400
__end_of_leer_x                   text5        031E
__end_of_main                     maintext     07EB
__end_of_portsetup                text2        020D
__end_of_setupINTOSC              text1        0515
__initialization                  cinit        07EB
__pbssBANK0                       bssBANK0     0020
__pcstackBANK0                    cstackBANK0  002F
__pcstackCOMMON                   cstackCOMMON 0070
__pmaintext                       maintext     0647
__pstrings                        strings      0003
__ptext1                          text1        04B6
__ptext10                         text10       0270
__ptext11                         text11       012B
__ptext12                         text12       0119
__ptext13                         text13       0110
__ptext14                         text14       0142
__ptext15                         text15       01BB
__ptext16                         text16       0459
__ptext17                         text17       0135
__ptext18                         text18       0364
__ptext19                         text19       03B0
__ptext2                          text2        01E0
__ptext20                         text20       0515
__ptext21                         text21       0400
__ptext22                         text22       05E0
__ptext23                         text23       023B
__ptext24                         text24       031E
__ptext25                         text25       0164
__ptext26                         text26       0199
__ptext3                          text3        02A5
__ptext4                          text4        057A
__ptext5                          text5        02DD
__ptext6                          text6        017E
__ptext7                          text7        014F
__ptext8                          text8        0122
__ptext9                          text9        020D
__stringbase                      strings      0008
__stringtab                       strings      0003
_convertir                        text6        017E
_decena                           bssBANK0     002C
_descomponer                      text20       0515
_enviar_x                         text10       0270
_inttochar                        text19       03B0
_leer_x                           text5        02DD
_main                             maintext     0647
_main$175                         cstackBANK0  0039
_min                              bssBANK0     0029
_minutos                          bssBANK0     0028
_modo                             bssBANK0     0027
_portsetup                        text2        01E0
_sec                              bssBANK0     002B
_segundos                         bssBANK0     002A
_setupINTOSC                      text1        04B6
_unidad                           bssBANK0     002D
btemp                             (abs)        007E
convertir@conversion              cstackCOMMON 0077
convertir@decena                  cstackCOMMON 0076
convertir@unidad                  cstackCOMMON 0075
convertir@valor                   cstackCOMMON 0078
descomponer@cent                  cstackBANK0  002F
descomponer@dec                   cstackBANK0  0031
descomponer@num                   cstackCOMMON 007B
descomponer@pos                   cstackCOMMON 0079
descomponer@uni                   cstackBANK0  0030
end_of_initialization             cinit        07FC
enviar_x@val1                     cstackCOMMON 0075
enviar_x@val2                     cstackCOMMON 0072
intlevel0                         functab      0000
intlevel1                         functab      0000
intlevel2                         functab      0000
intlevel3                         functab      0000
intlevel4                         functab      0000
intlevel5                         functab      0000
inttochar@num                     cstackCOMMON 0070
leer_x@address                    cstackCOMMON 007B
leer_x@valor                      cstackCOMMON 007C
reset_vec                         reset_vec    0000
setupINTOSC@IRCF                  cstackCOMMON 0070
start                             init         0000
start_initialization              cinit        07EB
wtemp0                            (abs)        007E


MODULE INFORMATION

Module		Function		Class		Link	Load	Size
conversiones.c
		_inttochar     		CODE           	03B0	0000	80
		_descomponer   		CODE           	0515	0000	101

conversiones.c estimated size: 181

C:\Program Files\Microchip\xc8\v2.40\pic\sources\c90\common\Umul8.c
		___bmul        		CODE           	014F	0000	21

C:\Program Files\Microchip\xc8\v2.40\pic\sources\c90\common\Umul8.c estimated size: 21

C:\Program Files\Microchip\xc8\v2.40\pic\sources\c90\common\awdiv.c
		___awdiv       		CODE           	05E0	0000	103

C:\Program Files\Microchip\xc8\v2.40\pic\sources\c90\common\awdiv.c estimated size: 103

I2C.c
		_I2C_Master_Read		CODE           	020D	0000	46
		_I2C_Master_Wait		CODE           	0142	0000	13
		_I2C_Master_Init		CODE           	02A5	0000	56
		_I2C_Master_Stop		CODE           	0119	0000	9
		_I2C_Master_RepeatedStart		CODE           	0122	0000	9
		_I2C_Master_Write		CODE           	012B	0000	10
		_I2C_Master_Start		CODE           	0110	0000	9

I2C.c estimated size: 152

C:\Program Files\Microchip\xc8\v2.40\pic\sources\c90\common\__lldiv.c
		___lldiv       		CODE           	057A	0000	102

C:\Program Files\Microchip\xc8\v2.40\pic\sources\c90\common\__lldiv.c estimated size: 102

oscilador.c
		_setupINTOSC   		CODE           	04B6	0000	95

oscilador.c estimated size: 95

shared
		__stringtab    		STRING         	0003	0000	6
		__initialization		CODE           	07EB	0000	17

shared estimated size: 23

DS3231.c
		_leer_x        		CODE           	02DD	0000	65
		_convertir     		CODE           	017E	0000	27
		_enviar_x      		CODE           	0270	0000	53

DS3231.c estimated size: 145

C:\Program Files\Microchip\xc8\v2.40\pic\sources\c90\common\awmod.c
		___awmod       		CODE           	0400	0000	89

C:\Program Files\Microchip\xc8\v2.40\pic\sources\c90\common\awmod.c estimated size: 89

main.c
		_main          		CODE           	0647	0000	420
		_Escribir_dato 		CODE           	0364	0000	76
		_portsetup     		CODE           	01E0	0000	45

main.c estimated size: 541

LCD.c
		_Lcd_Write_String		CODE           	01BB	0000	37
		_Lcd_Init      		CODE           	0459	0000	93
		_Lcd_Write_Char		CODE           	023B	0000	53
		_Lcd_Cmd       		CODE           	0164	0000	26
		_Lcd_Set_Cursor		CODE           	031E	0000	70
		_Lcd_Clear     		CODE           	0135	0000	13
		_Lcd_Port      		CODE           	0199	0000	34

LCD.c estimated size: 326

